<html>
<body>
<pre>
<h1>µVision Build Log</h1>
<h2>Project:</h2>
C:\Keil\Labware\I2C_MCP23008\I2C.uvproj
Project File Date:  05/09/2016

<h2>Output:</h2>
Rebuild target 'I2C'
assembling startup.s...
compiling I2CTestMain.c...
compiling I2C0.c...
compiling PLL.c...
compiling UART.c...
linking...
Program Size: Code=1588 RO-data=32 RW-data=4 ZI-data=1124  
".\I2C.axf" - 0 Error(s), 0 Warning(s).
Load "C:\\Keil\\Labware\\I2C_MCP23008\\I2C.axf" 
Connecting: Mode=JTAG, Speed=1000000Hz
Erase Done.
Programming Done.
Verify OK.
